// Jest Snapshot v1, https://goo.gl/fbAQLP

exports[`RepoCard Tests should render RepoCard component 1`] = `
<div
  className="repo-card flex-col p-5 border-1 rounded-lg bg-slate-200 border-purple-900 m-5 hover:bg-slate-400"
  data-testid="repo-card-1"
  onClick={[Function]}
>
  <h1
    className="text-4xl flex justify-between cursor-pointer"
  >
    <div
      className="flex justify-between w-full"
    >
      <div
        className="flex items-center"
      >
        <img
          alt="avatar"
          className="mr-5 w-10 h-10 rounded-full"
          src="http://some.url"
        />
        <div
          className="flex flex-col"
        >
          <h1
            className="text-lg font-bold"
          >
            test
          </h1>
          <p
            className="text-sm text-gray-600"
          >
            test description
          </p>
        </div>
      </div>
      <div
        className="flex"
      >
        <span
          className="text-xl"
        >
          -
        </span>
      </div>
    </div>
  </h1>
</div>
`;
